// Jest Snapshot v1, https://goo.gl/fbAQLP

exports[`Empty component unit tests should be match with the snapshot 1`] = `
<span
  class="sc-gsnTZi jJapeB empty-div-content"
>
  There is no data
</span>
`;
